javac : src\com\shopping\Ma
in.java:58: error: 
incompatible types: 
ProductManager cannot be 
converted to ProductDAO
At line:1 char:1
+ javac -d out -sourcepath 
src 
src\com\shopping\Main.java 
src\com\shopp ...
+ ~~~~~~~~~~~~~~~~~~~~~~~~~
~~~~~~~~~~~~~~~~~~~~~~~~~~~
~~~~~~~~~~~~~~~~~
    + CategoryInfo         
     : NotSpecified: (src  
  \com\shoppin...d to Pr   
 oductDAO:String) [], R    
emoteException
    + FullyQualifiedErrorI 
   d : NativeCommandError
 
        OrderProcessor 
processor = new 
OrderProcessor(manager);
                           
                           
^
src\com\shopping\Main.java:
64: error: method checkout 
in class OrderProcessor 
cannot be applied to given 
types;
        
processor.checkout(cart, 
"Jane Customer");
                 ^
  required: 
ShoppingCart,int,String
  found:    
ShoppingCart,String
  reason: actual and 
formal argument lists 
differ in length
src\com\shopping\Main.java:
67: error: cannot find 
symbol
        processor.readAndDi
splayPastOrders();
                 ^
  symbol:   method 
readAndDisplayPastOrders()
  location: variable 
processor of type 
OrderProcessor
src\com\shopping\gui\Shoppi
ngGUI.java:176: error: 
cannot find symbol
            if (shoppingCar
t.getItems().isEmpty()) {
                           
            ^
  symbol:   method 
isEmpty()
  location: class 
CustomLinkedList<CartItem>
src\com\shopping\gui\Shoppi
ngGUI.java:239: error: 
constructor 
OutOfStockException in 
class OutOfStockException 
cannot be applied to given 
types;
                         
throw new 
OutOfStockException("Not 
enough stock.");
                           
    ^
  required: String,int,int
  found:    String
  reason: actual and 
formal argument lists 
differ in length
src\com\shopping\gui\Shoppi
ngGUI.java:246: error: 
cannot find symbol
                           
 cartItem.setQuantity(curre
ntCartQty + 1);
                           
         ^
  symbol:   method 
setQuantity(int)
  location: variable 
cartItem of type CartItem
src\com\shopping\gui\Shoppi
ngGUI.java:255: error: 
cannot find symbol
                        sho
ppingCart.getItems().add(ne
w CartItem(latest, 1));
                           
                    ^
  symbol:   method 
add(CartItem)
  location: class 
CustomLinkedList<CartItem>
src\com\shopping\order\Orde
rProcessor.java:42: error: 
constructor 
OutOfStockException in 
class OutOfStockException 
cannot be applied to given 
types;
                    throw 
new OutOfStockException("In
sufficient stock for " + it
em.getProduct().getName());
                          ^
  required: String,int,int
  found:    String
  reason: actual and 
formal argument lists 
differ in length
Note: Some messages have 
been simplified; recompile 
with -Xdiags:verbose to 
get full output
8 errors
