Starting Test...
Enhanced Advanced Schema initialized successfully.
DB Inited
Products loaded: 3
User auth: true
Drill retrieved: true
Added ? x 'Power Drill 20V' to cart.
Checking out...
SUCCESS. No bugs in flow.
